Error
    at Database.<anonymous> (D:\MY WORK FLOW\Emyris Onboard App\node_modules\sequelize\lib\dialects\sqlite\query.js:185:27)
    at D:\MY WORK FLOW\Emyris Onboard App\node_modules\sequelize\lib\dialects\sqlite\query.js:183:50
    at new Promise (<anonymous>)
    at Query.run (D:\MY WORK FLOW\Emyris Onboard App\node_modules\sequelize\lib\dialects\sqlite\query.js:183:12)
    at D:\MY WORK FLOW\Emyris Onboard App\node_modules\sequelize\lib\sequelize.js:315:28
    at process.processTicksAndRejections (node:internal/process/task_queues:104:5)
    at async SQLiteQueryInterface.select (D:\MY WORK FLOW\Emyris Onboard App\node_modules\sequelize\lib\dialects\abstract\query-interface.js:407:12)
    at async xl_call_plan.findAll (D:\MY WORK FLOW\Emyris Onboard App\node_modules\sequelize\lib\model.js:1140:21)
    at async xl_call_plan.findOne (D:\MY WORK FLOW\Emyris Onboard App\node_modules\sequelize\lib\model.js:1240:12)
    at async D:\MY WORK FLOW\Emyris Onboard App\routes\xl.js:853:24
TypeError: Cannot read properties of undefined (reading 'create')
    at D:\MY WORK FLOW\Emyris Onboard App\routes\xl.js:884:30

TypeError: Cannot read properties of undefined (reading 'create')
    at D:\MY WORK FLOW\Emyris Onboard App\routes\xl.js:884:30
SQLITE_ERROR: table xl_notifications has no column named employeeId
Error
    at Database.<anonymous> (D:\MY WORK FLOW\Emyris Onboard App\node_modules\sequelize\lib\dialects\sqlite\query.js:185:27)
    at D:\MY WORK FLOW\Emyris Onboard App\node_modules\sequelize\lib\dialects\sqlite\query.js:183:50
    at new Promise (<anonymous>)
    at Query.run (D:\MY WORK FLOW\Emyris Onboard App\node_modules\sequelize\lib\dialects\sqlite\query.js:183:12)
    at D:\MY WORK FLOW\Emyris Onboard App\node_modules\sequelize\lib\sequelize.js:315:28
    at async SQLiteQueryInterface.insert (D:\MY WORK FLOW\Emyris Onboard App\node_modules\sequelize\lib\dialects\abstract\query-interface.js:308:21)
    at async model.save (D:\MY WORK FLOW\Emyris Onboard App\node_modules\sequelize\lib\model.js:2490:35)
    at async xl_notification.create (D:\MY WORK FLOW\Emyris Onboard App\node_modules\sequelize\lib\model.js:1362:12)
    at async D:\MY WORK FLOW\Emyris Onboard App\routes\xl.js:884:9
SQLITE_CONSTRAINT: NOT NULL constraint failed: xl_notifications.employeeEmail
Error
    at Database.<anonymous> (D:\MY WORK FLOW\Emyris Onboard App\node_modules\sequelize\lib\dialects\sqlite\query.js:185:27)
    at D:\MY WORK FLOW\Emyris Onboard App\node_modules\sequelize\lib\dialects\sqlite\query.js:183:50
    at new Promise (<anonymous>)
    at Query.run (D:\MY WORK FLOW\Emyris Onboard App\node_modules\sequelize\lib\dialects\sqlite\query.js:183:12)
    at D:\MY WORK FLOW\Emyris Onboard App\node_modules\sequelize\lib\sequelize.js:315:28
    at async SQLiteQueryInterface.insert (D:\MY WORK FLOW\Emyris Onboard App\node_modules\sequelize\lib\dialects\abstract\query-interface.js:308:21)
    at async model.save (D:\MY WORK FLOW\Emyris Onboard App\node_modules\sequelize\lib\model.js:2490:35)
    at async xl_notification.create (D:\MY WORK FLOW\Emyris Onboard App\node_modules\sequelize\lib\model.js:1362:12)
    at async D:\MY WORK FLOW\Emyris Onboard App\routes\xl.js:884:9
